--- Command Line ---
whoami : printed your username
Command (Windows)		Command (Mac OS / Linux) 	Description 			      Example
exit 			          exit 						          close the window 		    exit
cd 				          cd 							          change directory 		    cd test
dir 			          ls 							          list directories/files 	dir
copy 			          cp 							          copy file 				      copy c:\test\test.txt c:\windows\test.txt
move 			          mv 							          move file 				      move c:\test\test.txt c:\windows\test.txt
mkdir 		          mkdir 					          create a new directory   mkdir testdirectory
rmdir (or del) 	    rm 							          delete a file 			    del c:\test\test.txt
rmdir \S 		        rm -r 					          delete a directory 		   rm -r testdirector

--- Virtual environment ---
# make project folder (prepare folder project django):
$ mkdir djangogirls 
$ cd djangogirls
# make virtual env :
$ python3 -m venv myvenv
# start the virtual env :
C:\Users\Name\djangogirls> myvenv\Scripts\activate
for linux :
$ source myvenv/bin/activate

--- Installing Django ---
# make sure we have the latest version of pip
pip install --upgrade pip
# install django in started venv
pip install django~=___(version of django)
# (if get an error when calling pip on windows, check if your project path contain spaces or special character)

--- Create django project ---
# for windows, don't forget to add the period (or dot) . at the end:
(myvenv) C:\Users\Name\djangogirls> django-admin.py startproject mysite .
# for mac or linux, don't forget to add the period (or dot) . at the end:
(myvenv) ~/djangogirls$ django-admin startproject mysite .















--- Installing Django in venv ---



